Build started 06.10.2025 22:35:44.
     1>Project "C:\Users\Arseniy\Desktop\Eco.Lab1\AssemblyFiles\Windows\VisualStudio_10\Eco.Lab1.vcxproj" on node 2 (build target(s)).
     1>InitializeBuildStatus:
         Touching "Eco.Lab1\DynamicRelease\Eco.Lab1.unsuccessfulbuild".
       ClCompile:
         C:\Program Files (x86)\Microsoft Visual Studio 10.0\VC\bin\CL.exe /c /I..\..\..\HeaderFiles /I..\..\..\SharedFiles /IC:\Users\Arseniy\Desktop\eco\Eco.Core1\SharedFiles /IC:\Users\Arseniy\Desktop\eco\Eco.InterfaceBus1\SharedFiles /IC:\Users\Arseniy\Desktop\eco\Eco.System1\SharedFiles /IC:\Users\Arseniy\Desktop\eco\Eco.MemoryManager1\SharedFiles /IC:\Users\Arseniy\Desktop\eco\Eco.FileSystemManagement1\SharedFiles /IC:\Users\Arseniy\Desktop\eco\Eco.List1\SharedFiles /Zi /nologo /W3 /WX- /O2 /Oi /Oy- /GL /D WIN32 /D NDEBUG /D _WINDOWS /D UGUID_UTILITY /D ECO_X86_32 /D ECO_WINDOWS /D ECO_WIN32 /D ECO_DLL /D _WINDLL /D _UNICODE /D UNICODE /Gm- /EHsc /MT /GS /Gy /fp:precise /Zc:wchar_t /Zc:forScope /Fo"Eco.Lab1\DynamicRelease\\" /Fd"Eco.Lab1\DynamicRelease\vc100.pdb" /Gz /TC /analyze- /errorReport:prompt ..\..\..\SourceFiles\CEcoLab1.c
         CEcoLab1.c
       MakeDirsForLink:
         Creating directory "C:\Users\Arseniy\Desktop\Eco.Lab1\AssemblyFiles\Windows\VisualStudio_10\..\..\..\BuildFiles\Windows\x86\DynamicRelease".
     1>C:\Program Files (x86)\MSBuild\Microsoft.Cpp\v4.0\Microsoft.CppBuild.targets(990,5): warning MSB8012: TargetPath(C:\Users\Arseniy\Desktop\Eco.Lab1\AssemblyFiles\Windows\VisualStudio_10\Eco.Lab1\DynamicRelease\1F5DF16EE1BF43B999A434ED38FE8F3A.dll) does not match the Linker's OutputFile property value (C:\Users\Arseniy\Desktop\Eco.Lab1\BuildFiles\Windows\x86\DynamicRelease\1F5DF16EE1BF43B999A434ED38FE8F3A.dll). This may cause your project to build incorrectly. To correct this, please make sure that $(OutDir), $(TargetName) and $(TargetExt) property values match the value specified in %(Link.OutputFile).
       Link:
         C:\Program Files (x86)\Microsoft Visual Studio 10.0\VC\bin\link.exe /ERRORREPORT:PROMPT /OUT:"..\..\..\BuildFiles\Windows\x86\DynamicRelease\1F5DF16EE1BF43B999A434ED38FE8F3A.dll" /NOLOGO kernel32.lib user32.lib gdi32.lib winspool.lib comdlg32.lib advapi32.lib shell32.lib ole32.lib oleaut32.lib uuid.lib odbc32.lib odbccp32.lib /MANIFEST /ManifestFile:"Eco.Lab1\DynamicRelease\1F5DF16EE1BF43B999A434ED38FE8F3A.dll.intermediate.manifest" /MANIFESTUAC:"level='asInvoker' uiAccess='false'" /DEBUG /PDB:"C:\Users\Arseniy\Desktop\Eco.Lab1\AssemblyFiles\Windows\VisualStudio_10\Eco.Lab1\DynamicRelease\1F5DF16EE1BF43B999A434ED38FE8F3A.pdb" /SUBSYSTEM:WINDOWS /OPT:REF /OPT:ICF /LTCG /TLBID:1 /DYNAMICBASE /NXCOMPAT /IMPLIB:"C:\Users\Arseniy\Desktop\Eco.Lab1\AssemblyFiles\Windows\VisualStudio_10\Eco.Lab1\DynamicRelease\1F5DF16EE1BF43B999A434ED38FE8F3A.lib" /MACHINE:X86 /DLL Eco.Lab1\DynamicRelease\CEcoLab1.obj
         Eco.Lab1\DynamicRelease\CEcoLab1Factory.obj
            Creating library C:\Users\Arseniy\Desktop\Eco.Lab1\AssemblyFiles\Windows\VisualStudio_10\Eco.Lab1\DynamicRelease\1F5DF16EE1BF43B999A434ED38FE8F3A.lib and object C:\Users\Arseniy\Desktop\Eco.Lab1\AssemblyFiles\Windows\VisualStudio_10\Eco.Lab1\DynamicRelease\1F5DF16EE1BF43B999A434ED38FE8F3A.exp
         Generating code
         Finished generating code
         Eco.Lab1.vcxproj -> C:\Users\Arseniy\Desktop\Eco.Lab1\AssemblyFiles\Windows\VisualStudio_10\Eco.Lab1\DynamicRelease\1F5DF16EE1BF43B999A434ED38FE8F3A.dll
       Manifest:
         C:\Program Files (x86)\Microsoft SDKs\Windows\v7.0A\bin\mt.exe /nologo /verbose /outputresource:"..\..\..\BuildFiles\Windows\x86\DynamicRelease\1F5DF16EE1BF43B999A434ED38FE8F3A.dll;#2" /manifest Eco.Lab1\DynamicRelease\1F5DF16EE1BF43B999A434ED38FE8F3A.dll.intermediate.manifest
       FinalizeBuildStatus:
         Deleting file "Eco.Lab1\DynamicRelease\Eco.Lab1.unsuccessfulbuild".
         Touching "Eco.Lab1\DynamicRelease\Eco.Lab1.lastbuildstate".
     1>Done Building Project "C:\Users\Arseniy\Desktop\Eco.Lab1\AssemblyFiles\Windows\VisualStudio_10\Eco.Lab1.vcxproj" (build target(s)).

Build succeeded.

Time Elapsed 00:00:02.05
